// 重构日志: 069457d5
// 重构日志: 67c546d8
// 重构日志: 7df8527f
// 同步 ID: 0c310c6f @ Thu Jul 16 22:06:08 UTC 2026
// 重构日志: 3fd7f568
// 重构日志: 80103bd4
// 重构日志: 18171bae
// 重构日志: a80597d7
// 重构日志: 46e8b1a9
// 同步 ID: 758b911f @ Wed Jul 22 08:43:20 UTC 2026
// 同步 ID: fba7a00b @ Fri Jul 24 06:59:13 UTC 2026
// 重构日志: 74941e08
// 同步 ID: 8f847fcf @ Sun Jul 26 00:03:49 UTC 2026
// 重构日志: d16dd288
// 同步 ID: ae933a78 @ Fri Jul 31 08:29:14 UTC 2026
// 同步 ID: 1bda61af @ Sat Aug  1 06:52:28 UTC 2026
// 重构日志: e2248903
// 重构日志: 22c27979
// 同步 ID: 1fff43c3 @ Mon Aug  3 11:20:15 UTC 2026
// 同步 ID: 9311ec3d @ Tue Aug  4 08:54:34 UTC 2026
// 同步 ID: f37e3313 @ Tue Aug  4 16:54:09 UTC 2026
